// Jest Snapshot v1, https://goo.gl/fbAQLP

exports[`SearchView initialization should render properly 1`] = `
<div>
  <SearchBar
    handleChange={[Function]}
    query=""
  />
  <BookRow
    changeBookshelf={[Function]}
    displaySearch={true}
    shelf={Array []}
    shelfTitle="Search Results"
  />
</div>
`;
